Archive member included because of file (symbol)

c:/users/paloma/eclipsearm/sourcery-g++-lite-arm-2011.03/bin/../lib/gcc/arm-none-eabi/4.5.2/../../../../arm-none-eabi/lib\libc.a(lib_a-vsprintf.o)
                              ./lcd.o (vsprintf)
c:/users/paloma/eclipsearm/sourcery-g++-lite-arm-2011.03/bin/../lib/gcc/arm-none-eabi/4.5.2/../../../../arm-none-eabi/lib\libc.a(lib_a-impure.o)
                              c:/users/paloma/eclipsearm/sourcery-g++-lite-arm-2011.03/bin/../lib/gcc/arm-none-eabi/4.5.2/../../../../arm-none-eabi/lib\libc.a(lib_a-vsprintf.o) (_impure_ptr)
c:/users/paloma/eclipsearm/sourcery-g++-lite-arm-2011.03/bin/../lib/gcc/arm-none-eabi/4.5.2/../../../../arm-none-eabi/lib\libc.a(lib_a-svfprintf.o)
                              c:/users/paloma/eclipsearm/sourcery-g++-lite-arm-2011.03/bin/../lib/gcc/arm-none-eabi/4.5.2/../../../../arm-none-eabi/lib\libc.a(lib_a-vsprintf.o) (_svfprintf_r)
c:/users/paloma/eclipsearm/sourcery-g++-lite-arm-2011.03/bin/../lib/gcc/arm-none-eabi/4.5.2/../../../../arm-none-eabi/lib\libc.a(lib_a-dtoa.o)
                              c:/users/paloma/eclipsearm/sourcery-g++-lite-arm-2011.03/bin/../lib/gcc/arm-none-eabi/4.5.2/../../../../arm-none-eabi/lib\libc.a(lib_a-svfprintf.o) (_dtoa_r)
c:/users/paloma/eclipsearm/sourcery-g++-lite-arm-2011.03/bin/../lib/gcc/arm-none-eabi/4.5.2/../../../../arm-none-eabi/lib\libc.a(lib_a-locale.o)
                              c:/users/paloma/eclipsearm/sourcery-g++-lite-arm-2011.03/bin/../lib/gcc/arm-none-eabi/4.5.2/../../../../arm-none-eabi/lib\libc.a(lib_a-svfprintf.o) (_localeconv_r)
c:/users/paloma/eclipsearm/sourcery-g++-lite-arm-2011.03/bin/../lib/gcc/arm-none-eabi/4.5.2/../../../../arm-none-eabi/lib\libc.a(lib_a-mallocr.o)
                              c:/users/paloma/eclipsearm/sourcery-g++-lite-arm-2011.03/bin/../lib/gcc/arm-none-eabi/4.5.2/../../../../arm-none-eabi/lib\libc.a(lib_a-svfprintf.o) (_malloc_r)
c:/users/paloma/eclipsearm/sourcery-g++-lite-arm-2011.03/bin/../lib/gcc/arm-none-eabi/4.5.2/../../../../arm-none-eabi/lib\libc.a(lib_a-memchr.o)
                              c:/users/paloma/eclipsearm/sourcery-g++-lite-arm-2011.03/bin/../lib/gcc/arm-none-eabi/4.5.2/../../../../arm-none-eabi/lib\libc.a(lib_a-svfprintf.o) (memchr)
c:/users/paloma/eclipsearm/sourcery-g++-lite-arm-2011.03/bin/../lib/gcc/arm-none-eabi/4.5.2/../../../../arm-none-eabi/lib\libc.a(lib_a-memcpy.o)
                              c:/users/paloma/eclipsearm/sourcery-g++-lite-arm-2011.03/bin/../lib/gcc/arm-none-eabi/4.5.2/../../../../arm-none-eabi/lib\libc.a(lib_a-dtoa.o) (memcpy)
c:/users/paloma/eclipsearm/sourcery-g++-lite-arm-2011.03/bin/../lib/gcc/arm-none-eabi/4.5.2/../../../../arm-none-eabi/lib\libc.a(lib_a-mlock.o)
                              c:/users/paloma/eclipsearm/sourcery-g++-lite-arm-2011.03/bin/../lib/gcc/arm-none-eabi/4.5.2/../../../../arm-none-eabi/lib\libc.a(lib_a-mallocr.o) (__malloc_lock)
c:/users/paloma/eclipsearm/sourcery-g++-lite-arm-2011.03/bin/../lib/gcc/arm-none-eabi/4.5.2/../../../../arm-none-eabi/lib\libc.a(lib_a-mprec.o)
                              c:/users/paloma/eclipsearm/sourcery-g++-lite-arm-2011.03/bin/../lib/gcc/arm-none-eabi/4.5.2/../../../../arm-none-eabi/lib\libc.a(lib_a-dtoa.o) (_Balloc)
c:/users/paloma/eclipsearm/sourcery-g++-lite-arm-2011.03/bin/../lib/gcc/arm-none-eabi/4.5.2/../../../../arm-none-eabi/lib\libc.a(lib_a-s_fpclassify.o)
                              c:/users/paloma/eclipsearm/sourcery-g++-lite-arm-2011.03/bin/../lib/gcc/arm-none-eabi/4.5.2/../../../../arm-none-eabi/lib\libc.a(lib_a-svfprintf.o) (__fpclassifyd)
c:/users/paloma/eclipsearm/sourcery-g++-lite-arm-2011.03/bin/../lib/gcc/arm-none-eabi/4.5.2/../../../../arm-none-eabi/lib\libc.a(lib_a-sbrkr.o)
                              c:/users/paloma/eclipsearm/sourcery-g++-lite-arm-2011.03/bin/../lib/gcc/arm-none-eabi/4.5.2/../../../../arm-none-eabi/lib\libc.a(lib_a-mallocr.o) (_sbrk_r)
c:/users/paloma/eclipsearm/sourcery-g++-lite-arm-2011.03/bin/../lib/gcc/arm-none-eabi/4.5.2/../../../../arm-none-eabi/lib\libc.a(lib_a-strcmp.o)
                              c:/users/paloma/eclipsearm/sourcery-g++-lite-arm-2011.03/bin/../lib/gcc/arm-none-eabi/4.5.2/../../../../arm-none-eabi/lib\libc.a(lib_a-locale.o) (strcmp)
c:/users/paloma/eclipsearm/sourcery-g++-lite-arm-2011.03/bin/../lib/gcc/arm-none-eabi/4.5.2/../../../../arm-none-eabi/lib\libc.a(lib_a-strlen.o)
                              c:/users/paloma/eclipsearm/sourcery-g++-lite-arm-2011.03/bin/../lib/gcc/arm-none-eabi/4.5.2/../../../../arm-none-eabi/lib\libc.a(lib_a-svfprintf.o) (strlen)
c:/users/paloma/eclipsearm/sourcery-g++-lite-arm-2011.03/bin/../lib/gcc/arm-none-eabi/4.5.2/../../../../arm-none-eabi/lib\libc.a(lib_a-svfiprintf.o)
                              c:/users/paloma/eclipsearm/sourcery-g++-lite-arm-2011.03/bin/../lib/gcc/arm-none-eabi/4.5.2/../../../../arm-none-eabi/lib\libc.a(lib_a-svfprintf.o) (__ssprint_r)
c:/users/paloma/eclipsearm/sourcery-g++-lite-arm-2011.03/bin/../lib/gcc/arm-none-eabi/4.5.2/../../../../arm-none-eabi/lib\libc.a(lib_a-callocr.o)
                              c:/users/paloma/eclipsearm/sourcery-g++-lite-arm-2011.03/bin/../lib/gcc/arm-none-eabi/4.5.2/../../../../arm-none-eabi/lib\libc.a(lib_a-mprec.o) (_calloc_r)
c:/users/paloma/eclipsearm/sourcery-g++-lite-arm-2011.03/bin/../lib/gcc/arm-none-eabi/4.5.2/../../../../arm-none-eabi/lib\libc.a(lib_a-freer.o)
                              c:/users/paloma/eclipsearm/sourcery-g++-lite-arm-2011.03/bin/../lib/gcc/arm-none-eabi/4.5.2/../../../../arm-none-eabi/lib\libc.a(lib_a-mallocr.o) (_free_r)
c:/users/paloma/eclipsearm/sourcery-g++-lite-arm-2011.03/bin/../lib/gcc/arm-none-eabi/4.5.2/../../../../arm-none-eabi/lib\libc.a(lib_a-memmove.o)
                              c:/users/paloma/eclipsearm/sourcery-g++-lite-arm-2011.03/bin/../lib/gcc/arm-none-eabi/4.5.2/../../../../arm-none-eabi/lib\libc.a(lib_a-svfiprintf.o) (memmove)
c:/users/paloma/eclipsearm/sourcery-g++-lite-arm-2011.03/bin/../lib/gcc/arm-none-eabi/4.5.2/../../../../arm-none-eabi/lib\libc.a(lib_a-memset.o)
                              c:/users/paloma/eclipsearm/sourcery-g++-lite-arm-2011.03/bin/../lib/gcc/arm-none-eabi/4.5.2/../../../../arm-none-eabi/lib\libc.a(lib_a-callocr.o) (memset)
c:/users/paloma/eclipsearm/sourcery-g++-lite-arm-2011.03/bin/../lib/gcc/arm-none-eabi/4.5.2/../../../../arm-none-eabi/lib\libc.a(lib_a-reallocr.o)
                              c:/users/paloma/eclipsearm/sourcery-g++-lite-arm-2011.03/bin/../lib/gcc/arm-none-eabi/4.5.2/../../../../arm-none-eabi/lib\libc.a(lib_a-svfiprintf.o) (_realloc_r)
c:/users/paloma/eclipsearm/sourcery-g++-lite-arm-2011.03/bin/../lib/gcc/arm-none-eabi/4.5.2/../../../../arm-none-eabi/lib\libc.a(lib_a-reent.o)
                              c:/users/paloma/eclipsearm/sourcery-g++-lite-arm-2011.03/bin/../lib/gcc/arm-none-eabi/4.5.2/../../../../arm-none-eabi/lib\libc.a(lib_a-sbrkr.o) (errno)
c:/users/paloma/eclipsearm/sourcery-g++-lite-arm-2011.03/bin/../lib/gcc/arm-none-eabi/4.5.2\libgcc.a(_udivsi3.o)
                              c:/users/paloma/eclipsearm/sourcery-g++-lite-arm-2011.03/bin/../lib/gcc/arm-none-eabi/4.5.2/../../../../arm-none-eabi/lib\libc.a(lib_a-dtoa.o) (__aeabi_uidiv)
c:/users/paloma/eclipsearm/sourcery-g++-lite-arm-2011.03/bin/../lib/gcc/arm-none-eabi/4.5.2\libgcc.a(_divsi3.o)
                              ./commonUart/44blib.o (__aeabi_idiv)
c:/users/paloma/eclipsearm/sourcery-g++-lite-arm-2011.03/bin/../lib/gcc/arm-none-eabi/4.5.2\libgcc.a(_dvmd_tls.o)
                              c:/users/paloma/eclipsearm/sourcery-g++-lite-arm-2011.03/bin/../lib/gcc/arm-none-eabi/4.5.2\libgcc.a(_udivsi3.o) (__aeabi_idiv0)
c:/users/paloma/eclipsearm/sourcery-g++-lite-arm-2011.03/bin/../lib/gcc/arm-none-eabi/4.5.2\libgcc.a(_arm_addsubdf3.o)
                              c:/users/paloma/eclipsearm/sourcery-g++-lite-arm-2011.03/bin/../lib/gcc/arm-none-eabi/4.5.2/../../../../arm-none-eabi/lib\libc.a(lib_a-dtoa.o) (__aeabi_dsub)
c:/users/paloma/eclipsearm/sourcery-g++-lite-arm-2011.03/bin/../lib/gcc/arm-none-eabi/4.5.2\libgcc.a(_arm_muldivdf3.o)
                              c:/users/paloma/eclipsearm/sourcery-g++-lite-arm-2011.03/bin/../lib/gcc/arm-none-eabi/4.5.2/../../../../arm-none-eabi/lib\libc.a(lib_a-dtoa.o) (__aeabi_dmul)
c:/users/paloma/eclipsearm/sourcery-g++-lite-arm-2011.03/bin/../lib/gcc/arm-none-eabi/4.5.2\libgcc.a(_arm_cmpdf2.o)
                              c:/users/paloma/eclipsearm/sourcery-g++-lite-arm-2011.03/bin/../lib/gcc/arm-none-eabi/4.5.2/../../../../arm-none-eabi/lib\libc.a(lib_a-svfprintf.o) (__aeabi_dcmpeq)
c:/users/paloma/eclipsearm/sourcery-g++-lite-arm-2011.03/bin/../lib/gcc/arm-none-eabi/4.5.2\libgcc.a(_arm_fixdfsi.o)
                              ./uart.o (__aeabi_d2iz)
c:/users/paloma/eclipsearm/sourcery-g++-lite-arm-2011.03/bin/../lib/gcc/arm-none-eabi/4.5.2\libgcc.a(_aeabi_uldivmod.o)
                              c:/users/paloma/eclipsearm/sourcery-g++-lite-arm-2011.03/bin/../lib/gcc/arm-none-eabi/4.5.2/../../../../arm-none-eabi/lib\libc.a(lib_a-svfprintf.o) (__aeabi_uldivmod)
c:/users/paloma/eclipsearm/sourcery-g++-lite-arm-2011.03/bin/../lib/gcc/arm-none-eabi/4.5.2\libgcc.a(bpabi.o)
                              c:/users/paloma/eclipsearm/sourcery-g++-lite-arm-2011.03/bin/../lib/gcc/arm-none-eabi/4.5.2\libgcc.a(_aeabi_uldivmod.o) (__gnu_uldivmod_helper)
c:/users/paloma/eclipsearm/sourcery-g++-lite-arm-2011.03/bin/../lib/gcc/arm-none-eabi/4.5.2\libgcc.a(_divdi3.o)
                              c:/users/paloma/eclipsearm/sourcery-g++-lite-arm-2011.03/bin/../lib/gcc/arm-none-eabi/4.5.2\libgcc.a(bpabi.o) (__divdi3)
c:/users/paloma/eclipsearm/sourcery-g++-lite-arm-2011.03/bin/../lib/gcc/arm-none-eabi/4.5.2\libgcc.a(_udivdi3.o)
                              c:/users/paloma/eclipsearm/sourcery-g++-lite-arm-2011.03/bin/../lib/gcc/arm-none-eabi/4.5.2\libgcc.a(bpabi.o) (__udivdi3)
c:/users/paloma/eclipsearm/sourcery-g++-lite-arm-2011.03/bin/../lib/gcc/arm-none-eabi/4.5.2\libgcc.a(_clzsi2.o)
                              c:/users/paloma/eclipsearm/sourcery-g++-lite-arm-2011.03/bin/../lib/gcc/arm-none-eabi/4.5.2\libgcc.a(_divdi3.o) (__clzsi2)
c:/users/paloma/eclipsearm/sourcery-g++-lite-arm-2011.03/bin/../lib/gcc/arm-none-eabi/4.5.2/../../../../arm-none-eabi/lib\libnosys.a(sbrk.o)
                              c:/users/paloma/eclipsearm/sourcery-g++-lite-arm-2011.03/bin/../lib/gcc/arm-none-eabi/4.5.2/../../../../arm-none-eabi/lib\libc.a(lib_a-sbrkr.o) (_sbrk)

Allocating common symbols
Common symbol       size              file

fpPosX              0x4               ./uart.o
errno               0x4               c:/users/paloma/eclipsearm/sourcery-g++-lite-arm-2011.03/bin/../lib/gcc/arm-none-eabi/4.5.2/../../../../arm-none-eabi/lib\libc.a(lib_a-reent.o)
led_state           0x4               ./led.o
fileSize            0x4               ./commonUart/44blib.o
tablero             0x24              ./main.o
fbBoomPosX          0x4               ./uart.o
fbPosY              0x4               ./uart.o
buffer              0x9600            ./lcd.o
key                 0x4               ./keyboard.o
which_int           0x4               ./button.o
empezarOtro         0x4               ./main.o
empezar             0x4               ./main.o
str                 0x1               ./main.o
fpPosY              0x4               ./uart.o
fbPosX              0x4               ./uart.o
turno               0x4               ./main.o
fbBoomPosY          0x4               ./uart.o
downPt              0x4               ./commonUart/44blib.o

Memory Configuration

Name             Origin             Length             Attributes
*default*        0x00000000         0xffffffff

Linker script and memory map

LOAD ./commonUart/44binit.o
LOAD ./commonUart/44blib.o
LOAD ./8led.o
LOAD ./button.o
LOAD ./gameLogic.o
LOAD ./keyboard.o
LOAD ./lcd.o
LOAD ./led.o
LOAD ./main.o
LOAD ./uart.o
LOAD ./visualizacion.o
LOAD c:/users/paloma/eclipsearm/sourcery-g++-lite-arm-2011.03/bin/../lib/gcc/arm-none-eabi/4.5.2/../../../../arm-none-eabi/lib\libc.a
LOAD c:/users/paloma/eclipsearm/sourcery-g++-lite-arm-2011.03/bin/../lib/gcc/arm-none-eabi/4.5.2\libgcc.a
LOAD c:/users/paloma/eclipsearm/sourcery-g++-lite-arm-2011.03/bin/../lib/gcc/arm-none-eabi/4.5.2/../../../../arm-none-eabi/lib\libnosys.a
START GROUP
LOAD c:/users/paloma/eclipsearm/sourcery-g++-lite-arm-2011.03/bin/../lib/gcc/arm-none-eabi/4.5.2\libgcc.a
LOAD c:/users/paloma/eclipsearm/sourcery-g++-lite-arm-2011.03/bin/../lib/gcc/arm-none-eabi/4.5.2/../../../../arm-none-eabi/lib\libc.a
END GROUP
                0x0c000000                . = 0xc000000
                0x0c000000                Image_RO_Base = .

.text           0x0c000000     0xc06c
 *(.text)
 .text          0x0c000000      0x710 ./commonUart/44binit.o
 .text          0x0c000710      0x46c ./commonUart/44blib.o
                0x0c000710                Delay
                0x0c000848                DelayMs
                0x0c0008ac                Port_Init
                0x0c000a3c                malloc
                0x0c000adc                free
                0x0c000b0c                sys_init
 .text          0x0c000b7c       0x60 ./8led.o
                0x0c000b7c                D8Led_init
                0x0c000ba0                D8Led_symbol
 .text          0x0c000bdc      0x178 ./button.o
                0x0c000bdc                Eint4567_init
                0x0c000ce4                Eint4567_ISR
 .text          0x0c000d54      0x4b0 ./gameLogic.o
                0x0c000d54                comprobarFinDelJuego
                0x0c000e60                comprobarGanador
 .text          0x0c001204      0x574 ./keyboard.o
                0x0c001204                keyboard_init
                0x0c0012bc                KeyboardInt
                0x0c001548                key_read
 .text          0x0c001778      0xf14 ./lcd.o
                0x0c001778                lcd_init
                0x0c0018f8                lcd_clear
                0x0c001958                lcd_putpixel
                0x0c001a44                lcd_clear16x16
                0x0c001be4                lcd_getpixel
                0x0c001c90                lcd_draw_hline
                0x0c001d48                lcd_draw_vline
                0x0c001e00                lcd_draw_box
                0x0c001edc                lcd_putchar
                0x0c002030                lcd_puts
                0x0c0020a4                lcd_printf
                0x0c002138                lcd_putchar_x2
                0x0c002578                lcd_puts_x2
                0x0c0025f8                lcd_printf_x2
 .text          0x0c00268c      0x2f8 ./led.o
                0x0c00268c                leds_on
                0x0c0026ac                leds_off
                0x0c0026cc                led1_on
                0x0c00270c                led1_off
                0x0c00274c                led2_on
                0x0c00278c                led2_off
                0x0c0027cc                leds_switch
                0x0c00280c                Led_Display
                0x0c0028bc                ledsSetBlink
                0x0c0028ec                ledsToggle
 .text          0x0c002984      0x1c8 ./main.o
                0x0c002984                Main
 *fill*         0x0c002b4c        0x4 00
 .text          0x0c002b50      0x528 ./uart.o
                0x0c002b50                Uart_Init
                0x0c002cd0                Uart0_TxEmpty
                0x0c002d04                Uart1_TxEmpty
                0x0c002d38                Uart0_Getch
                0x0c002d80                Uart1_Getch
                0x0c002dc8                Uart0_SendByte
                0x0c002e28                Uart1_SendByte
                0x0c002ebc                Uart0_SendString
                0x0c002f0c                Uart1_SendString
                0x0c002f5c                Uart0_Printf
                0x0c002fa4                Uart1_Printf
                0x0c002fec                enviarGameWin
                0x0c003030                enviarGameLose
 .text          0x0c003078      0x4e4 ./visualizacion.o
                0x0c003078                init_visualizacion
                0x0c003098                drawTab
                0x0c0031ac                init_welcome3R
                0x0c0031f4                drawX
                0x0c003358                drawO
                0x0c0034bc                drawFin
 .text          0x0c00355c       0x7c c:/users/paloma/eclipsearm/sourcery-g++-lite-arm-2011.03/bin/../lib/gcc/arm-none-eabi/4.5.2/../../../../arm-none-eabi/lib\libc.a(lib_a-vsprintf.o)
                0x0c00355c                _vsprintf_r
                0x0c0035ac                vsprintf
 .text          0x0c0035d8        0x0 c:/users/paloma/eclipsearm/sourcery-g++-lite-arm-2011.03/bin/../lib/gcc/arm-none-eabi/4.5.2/../../../../arm-none-eabi/lib\libc.a(lib_a-impure.o)
 .text          0x0c0035d8     0x2138 c:/users/paloma/eclipsearm/sourcery-g++-lite-arm-2011.03/bin/../lib/gcc/arm-none-eabi/4.5.2/../../../../arm-none-eabi/lib\libc.a(lib_a-svfprintf.o)
                0x0c0035d8                _svfprintf_r
 .text          0x0c005710     0x17d0 c:/users/paloma/eclipsearm/sourcery-g++-lite-arm-2011.03/bin/../lib/gcc/arm-none-eabi/4.5.2/../../../../arm-none-eabi/lib\libc.a(lib_a-dtoa.o)
                0x0c0058e0                _dtoa_r
 .text          0x0c006ee0       0xd0 c:/users/paloma/eclipsearm/sourcery-g++-lite-arm-2011.03/bin/../lib/gcc/arm-none-eabi/4.5.2/../../../../arm-none-eabi/lib\libc.a(lib_a-locale.o)
                0x0c006ee0                _setlocale_r
                0x0c006f4c                __locale_charset
                0x0c006f58                __locale_mb_cur_max
                0x0c006f68                __locale_msgcharset
                0x0c006f74                __locale_cjk_lang
                0x0c006f7c                _localeconv_r
                0x0c006f88                setlocale
                0x0c006fa4                localeconv
 .text          0x0c006fb0      0x70c c:/users/paloma/eclipsearm/sourcery-g++-lite-arm-2011.03/bin/../lib/gcc/arm-none-eabi/4.5.2/../../../../arm-none-eabi/lib\libc.a(lib_a-mallocr.o)
                0x0c006fb0                _malloc_r
 .text          0x0c0076bc      0x104 c:/users/paloma/eclipsearm/sourcery-g++-lite-arm-2011.03/bin/../lib/gcc/arm-none-eabi/4.5.2/../../../../arm-none-eabi/lib\libc.a(lib_a-memchr.o)
                0x0c0076bc                memchr
 .text          0x0c0077c0      0x1c0 c:/users/paloma/eclipsearm/sourcery-g++-lite-arm-2011.03/bin/../lib/gcc/arm-none-eabi/4.5.2/../../../../arm-none-eabi/lib\libc.a(lib_a-memcpy.o)
                0x0c0077c0                memcpy
 .text          0x0c007980        0x8 c:/users/paloma/eclipsearm/sourcery-g++-lite-arm-2011.03/bin/../lib/gcc/arm-none-eabi/4.5.2/../../../../arm-none-eabi/lib\libc.a(lib_a-mlock.o)
                0x0c007980                __malloc_lock
                0x0c007984                __malloc_unlock
 .text          0x0c007988      0xcfc c:/users/paloma/eclipsearm/sourcery-g++-lite-arm-2011.03/bin/../lib/gcc/arm-none-eabi/4.5.2/../../../../arm-none-eabi/lib\libc.a(lib_a-mprec.o)
                0x0c007988                _Balloc
                0x0c007a10                _Bfree
                0x0c007a2c                __multadd
                0x0c007b08                __s2b
                0x0c007bf4                __hi0bits
                0x0c007c44                __lo0bits
                0x0c007cd4                __i2b
                0x0c007cf8                __multiply
                0x0c007ee0                __pow5mult
                0x0c007fd4                __lshift
                0x0c0080d8                __mcmp
                0x0c008138                __mdiff
                0x0c008290                __ulp
                0x0c0082f0                __b2d
                0x0c0083b4                __d2b
                0x0c0084bc                __ratio
                0x0c008534                _mprec_log10
                0x0c008588                __copybits
                0x0c0085fc                __any_on
 .text          0x0c008684       0x8c c:/users/paloma/eclipsearm/sourcery-g++-lite-arm-2011.03/bin/../lib/gcc/arm-none-eabi/4.5.2/../../../../arm-none-eabi/lib\libc.a(lib_a-s_fpclassify.o)
                0x0c008684                __fpclassifyd
 .text          0x0c008710       0x40 c:/users/paloma/eclipsearm/sourcery-g++-lite-arm-2011.03/bin/../lib/gcc/arm-none-eabi/4.5.2/../../../../arm-none-eabi/lib\libc.a(lib_a-sbrkr.o)
                0x0c008710                _sbrk_r
 .text          0x0c008750      0x230 c:/users/paloma/eclipsearm/sourcery-g++-lite-arm-2011.03/bin/../lib/gcc/arm-none-eabi/4.5.2/../../../../arm-none-eabi/lib\libc.a(lib_a-strcmp.o)
                0x0c008750                strcmp
 .text          0x0c008980       0x60 c:/users/paloma/eclipsearm/sourcery-g++-lite-arm-2011.03/bin/../lib/gcc/arm-none-eabi/4.5.2/../../../../arm-none-eabi/lib\libc.a(lib_a-strlen.o)
                0x0c008980                strlen
 .text          0x0c0089e0     0x1238 c:/users/paloma/eclipsearm/sourcery-g++-lite-arm-2011.03/bin/../lib/gcc/arm-none-eabi/4.5.2/../../../../arm-none-eabi/lib\libc.a(lib_a-svfiprintf.o)
                0x0c0089e0                __ssprint_r
                0x0c008b7c                _svfiprintf_r
 .text          0x0c009c18       0x9c c:/users/paloma/eclipsearm/sourcery-g++-lite-arm-2011.03/bin/../lib/gcc/arm-none-eabi/4.5.2/../../../../arm-none-eabi/lib\libc.a(lib_a-callocr.o)
                0x0c009c18                _calloc_r
 .text          0x0c009cb4      0x360 c:/users/paloma/eclipsearm/sourcery-g++-lite-arm-2011.03/bin/../lib/gcc/arm-none-eabi/4.5.2/../../../../arm-none-eabi/lib\libc.a(lib_a-freer.o)
                0x0c009cb4                _malloc_trim_r
                0x0c009db0                _free_r
 .text          0x0c00a014      0x128 c:/users/paloma/eclipsearm/sourcery-g++-lite-arm-2011.03/bin/../lib/gcc/arm-none-eabi/4.5.2/../../../../arm-none-eabi/lib\libc.a(lib_a-memmove.o)
                0x0c00a014                memmove
 .text          0x0c00a13c      0x100 c:/users/paloma/eclipsearm/sourcery-g++-lite-arm-2011.03/bin/../lib/gcc/arm-none-eabi/4.5.2/../../../../arm-none-eabi/lib\libc.a(lib_a-memset.o)
                0x0c00a13c                memset
 .text          0x0c00a23c      0x5c0 c:/users/paloma/eclipsearm/sourcery-g++-lite-arm-2011.03/bin/../lib/gcc/arm-none-eabi/4.5.2/../../../../arm-none-eabi/lib\libc.a(lib_a-reallocr.o)
                0x0c00a23c                _realloc_r
 .text          0x0c00a7fc      0x1ac c:/users/paloma/eclipsearm/sourcery-g++-lite-arm-2011.03/bin/../lib/gcc/arm-none-eabi/4.5.2/../../../../arm-none-eabi/lib\libc.a(lib_a-reent.o)
                0x0c00a7fc                cleanup_glue
                0x0c00a828                _reclaim_reent
                0x0c00a930                _wrapup_reent
 .text          0x0c00a9a8      0x114 c:/users/paloma/eclipsearm/sourcery-g++-lite-arm-2011.03/bin/../lib/gcc/arm-none-eabi/4.5.2\libgcc.a(_udivsi3.o)
                0x0c00a9a8                __aeabi_uidiv
                0x0c00a9a8                __udivsi3
                0x0c00aa9c                __aeabi_uidivmod
 .text          0x0c00aabc      0x148 c:/users/paloma/eclipsearm/sourcery-g++-lite-arm-2011.03/bin/../lib/gcc/arm-none-eabi/4.5.2\libgcc.a(_divsi3.o)
                0x0c00aabc                __divsi3
                0x0c00aabc                __aeabi_idiv
                0x0c00abe4                __aeabi_idivmod
 .text          0x0c00ac04        0x4 c:/users/paloma/eclipsearm/sourcery-g++-lite-arm-2011.03/bin/../lib/gcc/arm-none-eabi/4.5.2\libgcc.a(_dvmd_tls.o)
                0x0c00ac04                __aeabi_idiv0
                0x0c00ac04                __aeabi_ldiv0
 .text          0x0c00ac08      0x41c c:/users/paloma/eclipsearm/sourcery-g++-lite-arm-2011.03/bin/../lib/gcc/arm-none-eabi/4.5.2\libgcc.a(_arm_addsubdf3.o)
                0x0c00ac08                __aeabi_drsub
                0x0c00ac10                __aeabi_dsub
                0x0c00ac10                __subdf3
                0x0c00ac14                __aeabi_dadd
                0x0c00ac14                __adddf3
                0x0c00af24                __floatunsidf
                0x0c00af24                __aeabi_ui2d
                0x0c00af48                __floatsidf
                0x0c00af48                __aeabi_i2d
                0x0c00af70                __aeabi_f2d
                0x0c00af70                __extendsfdf2
                0x0c00afb0                __floatundidf
                0x0c00afb0                __aeabi_ul2d
                0x0c00afc4                __floatdidf
                0x0c00afc4                __aeabi_l2d
 .text          0x0c00b024      0x49c c:/users/paloma/eclipsearm/sourcery-g++-lite-arm-2011.03/bin/../lib/gcc/arm-none-eabi/4.5.2\libgcc.a(_arm_muldivdf3.o)
                0x0c00b024                __aeabi_dmul
                0x0c00b024                __muldf3
                0x0c00b2b4                __divdf3
                0x0c00b2b4                __aeabi_ddiv
 .text          0x0c00b4c0      0x144 c:/users/paloma/eclipsearm/sourcery-g++-lite-arm-2011.03/bin/../lib/gcc/arm-none-eabi/4.5.2\libgcc.a(_arm_cmpdf2.o)
                0x0c00b4c0                __gtdf2
                0x0c00b4c0                __gedf2
                0x0c00b4c8                __ltdf2
                0x0c00b4c8                __ledf2
                0x0c00b4d0                __nedf2
                0x0c00b4d0                __eqdf2
                0x0c00b4d0                __cmpdf2
                0x0c00b558                __aeabi_cdrcmple
                0x0c00b574                __aeabi_cdcmpeq
                0x0c00b574                __aeabi_cdcmple
                0x0c00b58c                __aeabi_dcmpeq
                0x0c00b5a4                __aeabi_dcmplt
                0x0c00b5bc                __aeabi_dcmple
                0x0c00b5d4                __aeabi_dcmpge
                0x0c00b5ec                __aeabi_dcmpgt
 .text          0x0c00b604       0x5c c:/users/paloma/eclipsearm/sourcery-g++-lite-arm-2011.03/bin/../lib/gcc/arm-none-eabi/4.5.2\libgcc.a(_arm_fixdfsi.o)
                0x0c00b604                __aeabi_d2iz
                0x0c00b604                __fixdfsi
 .text          0x0c00b660       0x3c c:/users/paloma/eclipsearm/sourcery-g++-lite-arm-2011.03/bin/../lib/gcc/arm-none-eabi/4.5.2\libgcc.a(_aeabi_uldivmod.o)
                0x0c00b660                __aeabi_uldivmod
 .text          0x0c00b69c       0x80 c:/users/paloma/eclipsearm/sourcery-g++-lite-arm-2011.03/bin/../lib/gcc/arm-none-eabi/4.5.2\libgcc.a(bpabi.o)
                0x0c00b69c                __gnu_ldivmod_helper
                0x0c00b6dc                __gnu_uldivmod_helper
 .text          0x0c00b71c      0x4a8 c:/users/paloma/eclipsearm/sourcery-g++-lite-arm-2011.03/bin/../lib/gcc/arm-none-eabi/4.5.2\libgcc.a(_divdi3.o)
                0x0c00b71c                __divdi3
 .text          0x0c00bbc4      0x434 c:/users/paloma/eclipsearm/sourcery-g++-lite-arm-2011.03/bin/../lib/gcc/arm-none-eabi/4.5.2\libgcc.a(_udivdi3.o)
                0x0c00bbc4                __udivdi3
 .text          0x0c00bff8       0x48 c:/users/paloma/eclipsearm/sourcery-g++-lite-arm-2011.03/bin/../lib/gcc/arm-none-eabi/4.5.2\libgcc.a(_clzsi2.o)
                0x0c00bff8                __clzsi2
 .text          0x0c00c040       0x2c c:/users/paloma/eclipsearm/sourcery-g++-lite-arm-2011.03/bin/../lib/gcc/arm-none-eabi/4.5.2/../../../../arm-none-eabi/lib\libnosys.a(sbrk.o)
                0x0c00c040                _sbrk
                0x0c00c06c                Image_RO_Limit = .
                0x0c00c06c                Image_RW_Base = .

.glue_7         0x0c00c06c        0x0
 .glue_7        0x00000000        0x0 linker stubs

.glue_7t        0x0c00c06c        0x0
 .glue_7t       0x00000000        0x0 linker stubs

.vfp11_veneer   0x0c00c06c        0x0
 .vfp11_veneer  0x00000000        0x0 linker stubs

.v4_bx          0x0c00c06c        0x0
 .v4_bx         0x00000000        0x0 linker stubs

.data           0x0c00c070     0x1914
 *(.data)
 .data          0x0c00c070        0x6 ./commonUart/44binit.o
                0x0c00c070                BDRAMTYPE
 *fill*         0x0c00c076        0x2 00
 .data          0x0c00c078        0xc ./commonUart/44blib.o
                0x0c00c078                mallocPt
                0x0c00c07c                run
 .data          0x0c00c084       0x40 ./8led.o
                0x0c00c084                Symbol
 .data          0x0c00c0c4        0x0 ./button.o
 .data          0x0c00c0c4        0x0 ./gameLogic.o
 .data          0x0c00c0c4        0x4 ./keyboard.o
                0x0c00c0c4                keyboard_base
 .data          0x0c00c0c8     0x1000 ./lcd.o
                0x0c00c0c8                font
 .data          0x0c00d0c8        0x0 ./led.o
 .data          0x0c00d0c8        0x0 ./main.o
 .data          0x0c00d0c8        0x0 ./uart.o
 .data          0x0c00d0c8        0x0 ./visualizacion.o
 .data          0x0c00d0c8        0x0 c:/users/paloma/eclipsearm/sourcery-g++-lite-arm-2011.03/bin/../lib/gcc/arm-none-eabi/4.5.2/../../../../arm-none-eabi/lib\libc.a(lib_a-vsprintf.o)
 .data          0x0c00d0c8      0x430 c:/users/paloma/eclipsearm/sourcery-g++-lite-arm-2011.03/bin/../lib/gcc/arm-none-eabi/4.5.2/../../../../arm-none-eabi/lib\libc.a(lib_a-impure.o)
                0x0c00d0c8                _impure_ptr
 .data          0x0c00d4f8        0x0 c:/users/paloma/eclipsearm/sourcery-g++-lite-arm-2011.03/bin/../lib/gcc/arm-none-eabi/4.5.2/../../../../arm-none-eabi/lib\libc.a(lib_a-svfprintf.o)
 .data          0x0c00d4f8        0x0 c:/users/paloma/eclipsearm/sourcery-g++-lite-arm-2011.03/bin/../lib/gcc/arm-none-eabi/4.5.2/../../../../arm-none-eabi/lib\libc.a(lib_a-dtoa.o)
 .data          0x0c00d4f8       0x7c c:/users/paloma/eclipsearm/sourcery-g++-lite-arm-2011.03/bin/../lib/gcc/arm-none-eabi/4.5.2/../../../../arm-none-eabi/lib\libc.a(lib_a-locale.o)
                0x0c00d518                __mb_cur_max
 .data          0x0c00d574      0x410 c:/users/paloma/eclipsearm/sourcery-g++-lite-arm-2011.03/bin/../lib/gcc/arm-none-eabi/4.5.2/../../../../arm-none-eabi/lib\libc.a(lib_a-mallocr.o)
                0x0c00d574                __malloc_av_
                0x0c00d97c                __malloc_sbrk_base
                0x0c00d980                __malloc_trim_threshold
 .data          0x0c00d984        0x0 c:/users/paloma/eclipsearm/sourcery-g++-lite-arm-2011.03/bin/../lib/gcc/arm-none-eabi/4.5.2/../../../../arm-none-eabi/lib\libc.a(lib_a-memchr.o)
 .data          0x0c00d984        0x0 c:/users/paloma/eclipsearm/sourcery-g++-lite-arm-2011.03/bin/../lib/gcc/arm-none-eabi/4.5.2/../../../../arm-none-eabi/lib\libc.a(lib_a-memcpy.o)
 .data          0x0c00d984        0x0 c:/users/paloma/eclipsearm/sourcery-g++-lite-arm-2011.03/bin/../lib/gcc/arm-none-eabi/4.5.2/../../../../arm-none-eabi/lib\libc.a(lib_a-mlock.o)
 .data          0x0c00d984        0x0 c:/users/paloma/eclipsearm/sourcery-g++-lite-arm-2011.03/bin/../lib/gcc/arm-none-eabi/4.5.2/../../../../arm-none-eabi/lib\libc.a(lib_a-mprec.o)
 .data          0x0c00d984        0x0 c:/users/paloma/eclipsearm/sourcery-g++-lite-arm-2011.03/bin/../lib/gcc/arm-none-eabi/4.5.2/../../../../arm-none-eabi/lib\libc.a(lib_a-s_fpclassify.o)
 .data          0x0c00d984        0x0 c:/users/paloma/eclipsearm/sourcery-g++-lite-arm-2011.03/bin/../lib/gcc/arm-none-eabi/4.5.2/../../../../arm-none-eabi/lib\libc.a(lib_a-sbrkr.o)
 .data          0x0c00d984        0x0 c:/users/paloma/eclipsearm/sourcery-g++-lite-arm-2011.03/bin/../lib/gcc/arm-none-eabi/4.5.2/../../../../arm-none-eabi/lib\libc.a(lib_a-strcmp.o)
 .data          0x0c00d984        0x0 c:/users/paloma/eclipsearm/sourcery-g++-lite-arm-2011.03/bin/../lib/gcc/arm-none-eabi/4.5.2/../../../../arm-none-eabi/lib\libc.a(lib_a-strlen.o)
 .data          0x0c00d984        0x0 c:/users/paloma/eclipsearm/sourcery-g++-lite-arm-2011.03/bin/../lib/gcc/arm-none-eabi/4.5.2/../../../../arm-none-eabi/lib\libc.a(lib_a-svfiprintf.o)
 .data          0x0c00d984        0x0 c:/users/paloma/eclipsearm/sourcery-g++-lite-arm-2011.03/bin/../lib/gcc/arm-none-eabi/4.5.2/../../../../arm-none-eabi/lib\libc.a(lib_a-callocr.o)
 .data          0x0c00d984        0x0 c:/users/paloma/eclipsearm/sourcery-g++-lite-arm-2011.03/bin/../lib/gcc/arm-none-eabi/4.5.2/../../../../arm-none-eabi/lib\libc.a(lib_a-freer.o)
 .data          0x0c00d984        0x0 c:/users/paloma/eclipsearm/sourcery-g++-lite-arm-2011.03/bin/../lib/gcc/arm-none-eabi/4.5.2/../../../../arm-none-eabi/lib\libc.a(lib_a-memmove.o)
 .data          0x0c00d984        0x0 c:/users/paloma/eclipsearm/sourcery-g++-lite-arm-2011.03/bin/../lib/gcc/arm-none-eabi/4.5.2/../../../../arm-none-eabi/lib\libc.a(lib_a-memset.o)
 .data          0x0c00d984        0x0 c:/users/paloma/eclipsearm/sourcery-g++-lite-arm-2011.03/bin/../lib/gcc/arm-none-eabi/4.5.2/../../../../arm-none-eabi/lib\libc.a(lib_a-reallocr.o)
 .data          0x0c00d984        0x0 c:/users/paloma/eclipsearm/sourcery-g++-lite-arm-2011.03/bin/../lib/gcc/arm-none-eabi/4.5.2/../../../../arm-none-eabi/lib\libc.a(lib_a-reent.o)
 .data          0x0c00d984        0x0 c:/users/paloma/eclipsearm/sourcery-g++-lite-arm-2011.03/bin/../lib/gcc/arm-none-eabi/4.5.2\libgcc.a(_udivsi3.o)
 .data          0x0c00d984        0x0 c:/users/paloma/eclipsearm/sourcery-g++-lite-arm-2011.03/bin/../lib/gcc/arm-none-eabi/4.5.2\libgcc.a(_divsi3.o)
 .data          0x0c00d984        0x0 c:/users/paloma/eclipsearm/sourcery-g++-lite-arm-2011.03/bin/../lib/gcc/arm-none-eabi/4.5.2\libgcc.a(_dvmd_tls.o)
 .data          0x0c00d984        0x0 c:/users/paloma/eclipsearm/sourcery-g++-lite-arm-2011.03/bin/../lib/gcc/arm-none-eabi/4.5.2\libgcc.a(_arm_addsubdf3.o)
 .data          0x0c00d984        0x0 c:/users/paloma/eclipsearm/sourcery-g++-lite-arm-2011.03/bin/../lib/gcc/arm-none-eabi/4.5.2\libgcc.a(_arm_muldivdf3.o)
 .data          0x0c00d984        0x0 c:/users/paloma/eclipsearm/sourcery-g++-lite-arm-2011.03/bin/../lib/gcc/arm-none-eabi/4.5.2\libgcc.a(_arm_cmpdf2.o)
 .data          0x0c00d984        0x0 c:/users/paloma/eclipsearm/sourcery-g++-lite-arm-2011.03/bin/../lib/gcc/arm-none-eabi/4.5.2\libgcc.a(_arm_fixdfsi.o)
 .data          0x0c00d984        0x0 c:/users/paloma/eclipsearm/sourcery-g++-lite-arm-2011.03/bin/../lib/gcc/arm-none-eabi/4.5.2\libgcc.a(_aeabi_uldivmod.o)
 .data          0x0c00d984        0x0 c:/users/paloma/eclipsearm/sourcery-g++-lite-arm-2011.03/bin/../lib/gcc/arm-none-eabi/4.5.2\libgcc.a(bpabi.o)
 .data          0x0c00d984        0x0 c:/users/paloma/eclipsearm/sourcery-g++-lite-arm-2011.03/bin/../lib/gcc/arm-none-eabi/4.5.2\libgcc.a(_divdi3.o)
 .data          0x0c00d984        0x0 c:/users/paloma/eclipsearm/sourcery-g++-lite-arm-2011.03/bin/../lib/gcc/arm-none-eabi/4.5.2\libgcc.a(_udivdi3.o)
 .data          0x0c00d984        0x0 c:/users/paloma/eclipsearm/sourcery-g++-lite-arm-2011.03/bin/../lib/gcc/arm-none-eabi/4.5.2\libgcc.a(_clzsi2.o)
 .data          0x0c00d984        0x0 c:/users/paloma/eclipsearm/sourcery-g++-lite-arm-2011.03/bin/../lib/gcc/arm-none-eabi/4.5.2/../../../../arm-none-eabi/lib\libnosys.a(sbrk.o)

.rodata         0x0c00d988      0x1e8
 *(.rodata)
 .rodata        0x0c00d988        0x4 ./main.o
                0x0c00d988                NCOL
 .rodata        0x0c00d98c       0x74 ./visualizacion.o
 .rodata        0x0c00da00        0x4 c:/users/paloma/eclipsearm/sourcery-g++-lite-arm-2011.03/bin/../lib/gcc/arm-none-eabi/4.5.2/../../../../arm-none-eabi/lib\libc.a(lib_a-impure.o)
                0x0c00da00                _global_impure_ptr
 .rodata        0x0c00da04       0x20 c:/users/paloma/eclipsearm/sourcery-g++-lite-arm-2011.03/bin/../lib/gcc/arm-none-eabi/4.5.2/../../../../arm-none-eabi/lib\libc.a(lib_a-svfprintf.o)
 *fill*         0x0c00da24        0x4 00
 .rodata        0x0c00da28      0x128 c:/users/paloma/eclipsearm/sourcery-g++-lite-arm-2011.03/bin/../lib/gcc/arm-none-eabi/4.5.2/../../../../arm-none-eabi/lib\libc.a(lib_a-mprec.o)
                0x0c00da38                __mprec_tens
                0x0c00db00                __mprec_bigtens
                0x0c00db28                __mprec_tinytens
 .rodata        0x0c00db50       0x20 c:/users/paloma/eclipsearm/sourcery-g++-lite-arm-2011.03/bin/../lib/gcc/arm-none-eabi/4.5.2/../../../../arm-none-eabi/lib\libc.a(lib_a-svfiprintf.o)
                0x0c00db70                Image_RW_Limit = .
                0x0c00db70                Image_ZI_Base = .

.rodata.str1.4  0x0c00db70       0x64
 .rodata.str1.4
                0x0c00db70        0x2 c:/users/paloma/eclipsearm/sourcery-g++-lite-arm-2011.03/bin/../lib/gcc/arm-none-eabi/4.5.2/../../../../arm-none-eabi/lib\libc.a(lib_a-impure.o)
                                  0x4 (size before relaxing)
 *fill*         0x0c00db72        0x2 00
 .rodata.str1.4
                0x0c00db74       0x42 c:/users/paloma/eclipsearm/sourcery-g++-lite-arm-2011.03/bin/../lib/gcc/arm-none-eabi/4.5.2/../../../../arm-none-eabi/lib\libc.a(lib_a-svfprintf.o)
                                 0x44 (size before relaxing)
 *fill*         0x0c00dbb6        0x2 00
 .rodata.str1.4
                0x0c00dbb8       0x10 c:/users/paloma/eclipsearm/sourcery-g++-lite-arm-2011.03/bin/../lib/gcc/arm-none-eabi/4.5.2/../../../../arm-none-eabi/lib\libc.a(lib_a-dtoa.o)
                                 0x14 (size before relaxing)
 .rodata.str1.4
                0x0c00dbc8        0xc c:/users/paloma/eclipsearm/sourcery-g++-lite-arm-2011.03/bin/../lib/gcc/arm-none-eabi/4.5.2/../../../../arm-none-eabi/lib\libc.a(lib_a-locale.o)
                                 0x14 (size before relaxing)
 .rodata.str1.4
                0x00000000       0x30 c:/users/paloma/eclipsearm/sourcery-g++-lite-arm-2011.03/bin/../lib/gcc/arm-none-eabi/4.5.2/../../../../arm-none-eabi/lib\libc.a(lib_a-svfiprintf.o)

.ARM.extab      0x0c00dbd4        0x0
 .ARM.extab     0x0c00dbd4        0x0 c:/users/paloma/eclipsearm/sourcery-g++-lite-arm-2011.03/bin/../lib/gcc/arm-none-eabi/4.5.2\libgcc.a(_divdi3.o)
 .ARM.extab     0x0c00dbd4        0x0 c:/users/paloma/eclipsearm/sourcery-g++-lite-arm-2011.03/bin/../lib/gcc/arm-none-eabi/4.5.2\libgcc.a(_udivdi3.o)

.ARM.exidx      0x0c00dbd4        0x8
 .ARM.exidx     0x0c00dbd4        0x8 c:/users/paloma/eclipsearm/sourcery-g++-lite-arm-2011.03/bin/../lib/gcc/arm-none-eabi/4.5.2\libgcc.a(_divdi3.o)
 .ARM.exidx     0x0c00dbdc        0x0 c:/users/paloma/eclipsearm/sourcery-g++-lite-arm-2011.03/bin/../lib/gcc/arm-none-eabi/4.5.2\libgcc.a(_udivdi3.o)
                                  0x8 (size before relaxing)

.bss            0x0c00dbdc     0x96b8
 *(.bss)
 .bss           0x0c00dbdc        0x0 ./commonUart/44binit.o
 .bss           0x0c00dbdc        0x4 ./commonUart/44blib.o
                0x0c00dbdc                restart
 .bss           0x0c00dbe0        0x0 ./8led.o
 .bss           0x0c00dbe0        0x0 ./button.o
 .bss           0x0c00dbe0        0x0 ./gameLogic.o
 .bss           0x0c00dbe0        0x0 ./keyboard.o
 .bss           0x0c00dbe0        0x0 ./lcd.o
 .bss           0x0c00dbe0        0x8 ./led.o
                0x0c00dbe0                ledsBlink
                0x0c00dbe4                ledsToogle
 .bss           0x0c00dbe8        0x0 ./main.o
 .bss           0x0c00dbe8        0x4 ./uart.o
                0x0c00dbe8                state
 .bss           0x0c00dbec        0x0 ./visualizacion.o
 .bss           0x0c00dbec        0x0 c:/users/paloma/eclipsearm/sourcery-g++-lite-arm-2011.03/bin/../lib/gcc/arm-none-eabi/4.5.2/../../../../arm-none-eabi/lib\libc.a(lib_a-vsprintf.o)
 .bss           0x0c00dbec        0x0 c:/users/paloma/eclipsearm/sourcery-g++-lite-arm-2011.03/bin/../lib/gcc/arm-none-eabi/4.5.2/../../../../arm-none-eabi/lib\libc.a(lib_a-impure.o)
 .bss           0x0c00dbec        0x0 c:/users/paloma/eclipsearm/sourcery-g++-lite-arm-2011.03/bin/../lib/gcc/arm-none-eabi/4.5.2/../../../../arm-none-eabi/lib\libc.a(lib_a-svfprintf.o)
 .bss           0x0c00dbec        0x0 c:/users/paloma/eclipsearm/sourcery-g++-lite-arm-2011.03/bin/../lib/gcc/arm-none-eabi/4.5.2/../../../../arm-none-eabi/lib\libc.a(lib_a-dtoa.o)
 .bss           0x0c00dbec        0xc c:/users/paloma/eclipsearm/sourcery-g++-lite-arm-2011.03/bin/../lib/gcc/arm-none-eabi/4.5.2/../../../../arm-none-eabi/lib\libc.a(lib_a-locale.o)
                0x0c00dbec                __nlocale_changed
                0x0c00dbf0                __mlocale_changed
                0x0c00dbf4                _PathLocale
 .bss           0x0c00dbf8       0x34 c:/users/paloma/eclipsearm/sourcery-g++-lite-arm-2011.03/bin/../lib/gcc/arm-none-eabi/4.5.2/../../../../arm-none-eabi/lib\libc.a(lib_a-mallocr.o)
                0x0c00dbf8                __malloc_top_pad
                0x0c00dbfc                __malloc_current_mallinfo
                0x0c00dc24                __malloc_max_sbrked_mem
                0x0c00dc28                __malloc_max_total_mem
 .bss           0x0c00dc2c        0x0 c:/users/paloma/eclipsearm/sourcery-g++-lite-arm-2011.03/bin/../lib/gcc/arm-none-eabi/4.5.2/../../../../arm-none-eabi/lib\libc.a(lib_a-memchr.o)
 .bss           0x0c00dc2c        0x0 c:/users/paloma/eclipsearm/sourcery-g++-lite-arm-2011.03/bin/../lib/gcc/arm-none-eabi/4.5.2/../../../../arm-none-eabi/lib\libc.a(lib_a-memcpy.o)
 .bss           0x0c00dc2c        0x0 c:/users/paloma/eclipsearm/sourcery-g++-lite-arm-2011.03/bin/../lib/gcc/arm-none-eabi/4.5.2/../../../../arm-none-eabi/lib\libc.a(lib_a-mlock.o)
 .bss           0x0c00dc2c        0x0 c:/users/paloma/eclipsearm/sourcery-g++-lite-arm-2011.03/bin/../lib/gcc/arm-none-eabi/4.5.2/../../../../arm-none-eabi/lib\libc.a(lib_a-mprec.o)
 .bss           0x0c00dc2c        0x0 c:/users/paloma/eclipsearm/sourcery-g++-lite-arm-2011.03/bin/../lib/gcc/arm-none-eabi/4.5.2/../../../../arm-none-eabi/lib\libc.a(lib_a-s_fpclassify.o)
 .bss           0x0c00dc2c        0x0 c:/users/paloma/eclipsearm/sourcery-g++-lite-arm-2011.03/bin/../lib/gcc/arm-none-eabi/4.5.2/../../../../arm-none-eabi/lib\libc.a(lib_a-sbrkr.o)
 .bss           0x0c00dc2c        0x0 c:/users/paloma/eclipsearm/sourcery-g++-lite-arm-2011.03/bin/../lib/gcc/arm-none-eabi/4.5.2/../../../../arm-none-eabi/lib\libc.a(lib_a-strcmp.o)
 .bss           0x0c00dc2c        0x0 c:/users/paloma/eclipsearm/sourcery-g++-lite-arm-2011.03/bin/../lib/gcc/arm-none-eabi/4.5.2/../../../../arm-none-eabi/lib\libc.a(lib_a-strlen.o)
 .bss           0x0c00dc2c        0x0 c:/users/paloma/eclipsearm/sourcery-g++-lite-arm-2011.03/bin/../lib/gcc/arm-none-eabi/4.5.2/../../../../arm-none-eabi/lib\libc.a(lib_a-svfiprintf.o)
 .bss           0x0c00dc2c        0x0 c:/users/paloma/eclipsearm/sourcery-g++-lite-arm-2011.03/bin/../lib/gcc/arm-none-eabi/4.5.2/../../../../arm-none-eabi/lib\libc.a(lib_a-callocr.o)
 .bss           0x0c00dc2c        0x0 c:/users/paloma/eclipsearm/sourcery-g++-lite-arm-2011.03/bin/../lib/gcc/arm-none-eabi/4.5.2/../../../../arm-none-eabi/lib\libc.a(lib_a-freer.o)
 .bss           0x0c00dc2c        0x0 c:/users/paloma/eclipsearm/sourcery-g++-lite-arm-2011.03/bin/../lib/gcc/arm-none-eabi/4.5.2/../../../../arm-none-eabi/lib\libc.a(lib_a-memmove.o)
 .bss           0x0c00dc2c        0x0 c:/users/paloma/eclipsearm/sourcery-g++-lite-arm-2011.03/bin/../lib/gcc/arm-none-eabi/4.5.2/../../../../arm-none-eabi/lib\libc.a(lib_a-memset.o)
 .bss           0x0c00dc2c        0x0 c:/users/paloma/eclipsearm/sourcery-g++-lite-arm-2011.03/bin/../lib/gcc/arm-none-eabi/4.5.2/../../../../arm-none-eabi/lib\libc.a(lib_a-reallocr.o)
 .bss           0x0c00dc2c        0x0 c:/users/paloma/eclipsearm/sourcery-g++-lite-arm-2011.03/bin/../lib/gcc/arm-none-eabi/4.5.2/../../../../arm-none-eabi/lib\libc.a(lib_a-reent.o)
 .bss           0x0c00dc2c        0x0 c:/users/paloma/eclipsearm/sourcery-g++-lite-arm-2011.03/bin/../lib/gcc/arm-none-eabi/4.5.2\libgcc.a(_udivsi3.o)
 .bss           0x0c00dc2c        0x0 c:/users/paloma/eclipsearm/sourcery-g++-lite-arm-2011.03/bin/../lib/gcc/arm-none-eabi/4.5.2\libgcc.a(_divsi3.o)
 .bss           0x0c00dc2c        0x0 c:/users/paloma/eclipsearm/sourcery-g++-lite-arm-2011.03/bin/../lib/gcc/arm-none-eabi/4.5.2\libgcc.a(_dvmd_tls.o)
 .bss           0x0c00dc2c        0x0 c:/users/paloma/eclipsearm/sourcery-g++-lite-arm-2011.03/bin/../lib/gcc/arm-none-eabi/4.5.2\libgcc.a(_arm_addsubdf3.o)
 .bss           0x0c00dc2c        0x0 c:/users/paloma/eclipsearm/sourcery-g++-lite-arm-2011.03/bin/../lib/gcc/arm-none-eabi/4.5.2\libgcc.a(_arm_muldivdf3.o)
 .bss           0x0c00dc2c        0x0 c:/users/paloma/eclipsearm/sourcery-g++-lite-arm-2011.03/bin/../lib/gcc/arm-none-eabi/4.5.2\libgcc.a(_arm_cmpdf2.o)
 .bss           0x0c00dc2c        0x0 c:/users/paloma/eclipsearm/sourcery-g++-lite-arm-2011.03/bin/../lib/gcc/arm-none-eabi/4.5.2\libgcc.a(_arm_fixdfsi.o)
 .bss           0x0c00dc2c        0x0 c:/users/paloma/eclipsearm/sourcery-g++-lite-arm-2011.03/bin/../lib/gcc/arm-none-eabi/4.5.2\libgcc.a(_aeabi_uldivmod.o)
 .bss           0x0c00dc2c        0x0 c:/users/paloma/eclipsearm/sourcery-g++-lite-arm-2011.03/bin/../lib/gcc/arm-none-eabi/4.5.2\libgcc.a(bpabi.o)
 .bss           0x0c00dc2c        0x0 c:/users/paloma/eclipsearm/sourcery-g++-lite-arm-2011.03/bin/../lib/gcc/arm-none-eabi/4.5.2\libgcc.a(_divdi3.o)
 .bss           0x0c00dc2c        0x0 c:/users/paloma/eclipsearm/sourcery-g++-lite-arm-2011.03/bin/../lib/gcc/arm-none-eabi/4.5.2\libgcc.a(_udivdi3.o)
 .bss           0x0c00dc2c        0x0 c:/users/paloma/eclipsearm/sourcery-g++-lite-arm-2011.03/bin/../lib/gcc/arm-none-eabi/4.5.2\libgcc.a(_clzsi2.o)
 .bss           0x0c00dc2c        0x4 c:/users/paloma/eclipsearm/sourcery-g++-lite-arm-2011.03/bin/../lib/gcc/arm-none-eabi/4.5.2/../../../../arm-none-eabi/lib\libnosys.a(sbrk.o)
 COMMON         0x0c00dc30        0x8 ./commonUart/44blib.o
                0x0c00dc30                fileSize
                0x0c00dc34                downPt
 COMMON         0x0c00dc38        0x4 ./button.o
                0x0c00dc38                which_int
 COMMON         0x0c00dc3c        0x4 ./keyboard.o
                0x0c00dc3c                key
 COMMON         0x0c00dc40     0x9600 ./lcd.o
                0x0c00dc40                buffer
 COMMON         0x0c017240        0x4 ./led.o
                0x0c017240                led_state
 COMMON         0x0c017244       0x34 ./main.o
                0x0c017244                tablero
                0x0c017268                empezarOtro
                0x0c01726c                empezar
                0x0c017270                str
                0x0c017274                turno
 COMMON         0x0c017278       0x18 ./uart.o
                0x0c017278                fpPosX
                0x0c01727c                fbBoomPosX
                0x0c017280                fbPosY
                0x0c017284                fpPosY
                0x0c017288                fbPosX
                0x0c01728c                fbBoomPosY
 COMMON         0x0c017290        0x4 c:/users/paloma/eclipsearm/sourcery-g++-lite-arm-2011.03/bin/../lib/gcc/arm-none-eabi/4.5.2/../../../../arm-none-eabi/lib\libc.a(lib_a-reent.o)
                0x0c017290                errno
                0x0c017294                Image_ZI_Limit = .
                0x0c017294                __bss_start__ = .
                0x0c017294                __bss_end__ = .
                0x0c017294                __EH_FRAME_BEGIN__ = .
                0x0c017294                __EH_FRAME_END__ = .
                0x0c017294                PROVIDE (__stack, .)
                0x0c017294                end = .
                0x0c017294                _end = .

.ARM.attributes
                0x00000000       0x2c
 .ARM.attributes
                0x00000000       0x22 ./commonUart/44binit.o
 .ARM.attributes
                0x00000022       0x32 ./commonUart/44blib.o
 .ARM.attributes
                0x00000054       0x32 ./8led.o
 .ARM.attributes
                0x00000086       0x32 ./button.o
 .ARM.attributes
                0x000000b8       0x32 ./gameLogic.o
 .ARM.attributes
                0x000000ea       0x32 ./keyboard.o
 .ARM.attributes
                0x0000011c       0x32 ./lcd.o
 .ARM.attributes
                0x0000014e       0x32 ./led.o
 .ARM.attributes
                0x00000180       0x32 ./main.o
 .ARM.attributes
                0x000001b2       0x32 ./uart.o
 .ARM.attributes
                0x000001e4       0x32 ./visualizacion.o
 .ARM.attributes
                0x00000216       0x34 c:/users/paloma/eclipsearm/sourcery-g++-lite-arm-2011.03/bin/../lib/gcc/arm-none-eabi/4.5.2/../../../../arm-none-eabi/lib\libc.a(lib_a-vsprintf.o)
 .ARM.attributes
                0x0000024a       0x34 c:/users/paloma/eclipsearm/sourcery-g++-lite-arm-2011.03/bin/../lib/gcc/arm-none-eabi/4.5.2/../../../../arm-none-eabi/lib\libc.a(lib_a-impure.o)
 .ARM.attributes
                0x0000027e       0x34 c:/users/paloma/eclipsearm/sourcery-g++-lite-arm-2011.03/bin/../lib/gcc/arm-none-eabi/4.5.2/../../../../arm-none-eabi/lib\libc.a(lib_a-svfprintf.o)
 .ARM.attributes
                0x000002b2       0x34 c:/users/paloma/eclipsearm/sourcery-g++-lite-arm-2011.03/bin/../lib/gcc/arm-none-eabi/4.5.2/../../../../arm-none-eabi/lib\libc.a(lib_a-dtoa.o)
 .ARM.attributes
                0x000002e6       0x34 c:/users/paloma/eclipsearm/sourcery-g++-lite-arm-2011.03/bin/../lib/gcc/arm-none-eabi/4.5.2/../../../../arm-none-eabi/lib\libc.a(lib_a-locale.o)
 .ARM.attributes
                0x0000031a       0x34 c:/users/paloma/eclipsearm/sourcery-g++-lite-arm-2011.03/bin/../lib/gcc/arm-none-eabi/4.5.2/../../../../arm-none-eabi/lib\libc.a(lib_a-mallocr.o)
 .ARM.attributes
                0x0000034e       0x34 c:/users/paloma/eclipsearm/sourcery-g++-lite-arm-2011.03/bin/../lib/gcc/arm-none-eabi/4.5.2/../../../../arm-none-eabi/lib\libc.a(lib_a-memchr.o)
 .ARM.attributes
                0x00000382       0x34 c:/users/paloma/eclipsearm/sourcery-g++-lite-arm-2011.03/bin/../lib/gcc/arm-none-eabi/4.5.2/../../../../arm-none-eabi/lib\libc.a(lib_a-memcpy.o)
 .ARM.attributes
                0x000003b6       0x34 c:/users/paloma/eclipsearm/sourcery-g++-lite-arm-2011.03/bin/../lib/gcc/arm-none-eabi/4.5.2/../../../../arm-none-eabi/lib\libc.a(lib_a-mlock.o)
 .ARM.attributes
                0x000003ea       0x34 c:/users/paloma/eclipsearm/sourcery-g++-lite-arm-2011.03/bin/../lib/gcc/arm-none-eabi/4.5.2/../../../../arm-none-eabi/lib\libc.a(lib_a-mprec.o)
 .ARM.attributes
                0x0000041e       0x34 c:/users/paloma/eclipsearm/sourcery-g++-lite-arm-2011.03/bin/../lib/gcc/arm-none-eabi/4.5.2/../../../../arm-none-eabi/lib\libc.a(lib_a-s_fpclassify.o)
 .ARM.attributes
                0x00000452       0x34 c:/users/paloma/eclipsearm/sourcery-g++-lite-arm-2011.03/bin/../lib/gcc/arm-none-eabi/4.5.2/../../../../arm-none-eabi/lib\libc.a(lib_a-sbrkr.o)
 .ARM.attributes
                0x00000486       0x34 c:/users/paloma/eclipsearm/sourcery-g++-lite-arm-2011.03/bin/../lib/gcc/arm-none-eabi/4.5.2/../../../../arm-none-eabi/lib\libc.a(lib_a-strcmp.o)
 .ARM.attributes
                0x000004ba       0x34 c:/users/paloma/eclipsearm/sourcery-g++-lite-arm-2011.03/bin/../lib/gcc/arm-none-eabi/4.5.2/../../../../arm-none-eabi/lib\libc.a(lib_a-strlen.o)
 .ARM.attributes
                0x000004ee       0x34 c:/users/paloma/eclipsearm/sourcery-g++-lite-arm-2011.03/bin/../lib/gcc/arm-none-eabi/4.5.2/../../../../arm-none-eabi/lib\libc.a(lib_a-svfiprintf.o)
 .ARM.attributes
                0x00000522       0x34 c:/users/paloma/eclipsearm/sourcery-g++-lite-arm-2011.03/bin/../lib/gcc/arm-none-eabi/4.5.2/../../../../arm-none-eabi/lib\libc.a(lib_a-callocr.o)
 .ARM.attributes
                0x00000556       0x34 c:/users/paloma/eclipsearm/sourcery-g++-lite-arm-2011.03/bin/../lib/gcc/arm-none-eabi/4.5.2/../../../../arm-none-eabi/lib\libc.a(lib_a-freer.o)
 .ARM.attributes
                0x0000058a       0x34 c:/users/paloma/eclipsearm/sourcery-g++-lite-arm-2011.03/bin/../lib/gcc/arm-none-eabi/4.5.2/../../../../arm-none-eabi/lib\libc.a(lib_a-memmove.o)
 .ARM.attributes
                0x000005be       0x34 c:/users/paloma/eclipsearm/sourcery-g++-lite-arm-2011.03/bin/../lib/gcc/arm-none-eabi/4.5.2/../../../../arm-none-eabi/lib\libc.a(lib_a-memset.o)
 .ARM.attributes
                0x000005f2       0x34 c:/users/paloma/eclipsearm/sourcery-g++-lite-arm-2011.03/bin/../lib/gcc/arm-none-eabi/4.5.2/../../../../arm-none-eabi/lib\libc.a(lib_a-reallocr.o)
 .ARM.attributes
                0x00000626       0x34 c:/users/paloma/eclipsearm/sourcery-g++-lite-arm-2011.03/bin/../lib/gcc/arm-none-eabi/4.5.2/../../../../arm-none-eabi/lib\libc.a(lib_a-reent.o)
 .ARM.attributes
                0x0000065a       0x1a c:/users/paloma/eclipsearm/sourcery-g++-lite-arm-2011.03/bin/../lib/gcc/arm-none-eabi/4.5.2\libgcc.a(_udivsi3.o)
 .ARM.attributes
                0x00000674       0x1a c:/users/paloma/eclipsearm/sourcery-g++-lite-arm-2011.03/bin/../lib/gcc/arm-none-eabi/4.5.2\libgcc.a(_divsi3.o)
 .ARM.attributes
                0x0000068e       0x18 c:/users/paloma/eclipsearm/sourcery-g++-lite-arm-2011.03/bin/../lib/gcc/arm-none-eabi/4.5.2\libgcc.a(_dvmd_tls.o)
 .ARM.attributes
                0x000006a6       0x1a c:/users/paloma/eclipsearm/sourcery-g++-lite-arm-2011.03/bin/../lib/gcc/arm-none-eabi/4.5.2\libgcc.a(_arm_addsubdf3.o)
 .ARM.attributes
                0x000006c0       0x1a c:/users/paloma/eclipsearm/sourcery-g++-lite-arm-2011.03/bin/../lib/gcc/arm-none-eabi/4.5.2\libgcc.a(_arm_muldivdf3.o)
 .ARM.attributes
                0x000006da       0x1a c:/users/paloma/eclipsearm/sourcery-g++-lite-arm-2011.03/bin/../lib/gcc/arm-none-eabi/4.5.2\libgcc.a(_arm_cmpdf2.o)
 .ARM.attributes
                0x000006f4       0x1a c:/users/paloma/eclipsearm/sourcery-g++-lite-arm-2011.03/bin/../lib/gcc/arm-none-eabi/4.5.2\libgcc.a(_arm_fixdfsi.o)
 .ARM.attributes
                0x0000070e       0x1a c:/users/paloma/eclipsearm/sourcery-g++-lite-arm-2011.03/bin/../lib/gcc/arm-none-eabi/4.5.2\libgcc.a(_aeabi_uldivmod.o)
 .ARM.attributes
                0x00000728       0x34 c:/users/paloma/eclipsearm/sourcery-g++-lite-arm-2011.03/bin/../lib/gcc/arm-none-eabi/4.5.2\libgcc.a(bpabi.o)
 .ARM.attributes
                0x0000075c       0x34 c:/users/paloma/eclipsearm/sourcery-g++-lite-arm-2011.03/bin/../lib/gcc/arm-none-eabi/4.5.2\libgcc.a(_divdi3.o)
 .ARM.attributes
                0x00000790       0x34 c:/users/paloma/eclipsearm/sourcery-g++-lite-arm-2011.03/bin/../lib/gcc/arm-none-eabi/4.5.2\libgcc.a(_udivdi3.o)
 .ARM.attributes
                0x000007c4       0x1a c:/users/paloma/eclipsearm/sourcery-g++-lite-arm-2011.03/bin/../lib/gcc/arm-none-eabi/4.5.2\libgcc.a(_clzsi2.o)
 .ARM.attributes
                0x000007de       0x30 c:/users/paloma/eclipsearm/sourcery-g++-lite-arm-2011.03/bin/../lib/gcc/arm-none-eabi/4.5.2/../../../../arm-none-eabi/lib\libnosys.a(sbrk.o)

.comment        0x00000000       0x3b
 .comment       0x00000000       0x2a ./commonUart/44blib.o
                                 0x2b (size before relaxing)
 .comment       0x00000000       0x2b ./8led.o
 .comment       0x00000000       0x2b ./button.o
 .comment       0x00000000       0x2b ./gameLogic.o
 .comment       0x00000000       0x2b ./keyboard.o
 .comment       0x00000000       0x2b ./lcd.o
 .comment       0x00000000       0x2b ./led.o
 .comment       0x00000000       0x2b ./main.o
 .comment       0x00000000       0x2b ./uart.o
 .comment       0x00000000       0x2b ./visualizacion.o
 .comment       0x0000002a       0x11 c:/users/paloma/eclipsearm/sourcery-g++-lite-arm-2011.03/bin/../lib/gcc/arm-none-eabi/4.5.2/../../../../arm-none-eabi/lib\libnosys.a(sbrk.o)
                                 0x12 (size before relaxing)

.debug_info     0x00000000     0x1864
 *(.debug_info)
 .debug_info    0x00000000       0x66 ./commonUart/44binit.o
 .debug_info    0x00000066      0x229 ./commonUart/44blib.o
 .debug_info    0x0000028f       0xa4 ./8led.o
 .debug_info    0x00000333       0xcc ./button.o
 .debug_info    0x000003ff      0x1e6 ./gameLogic.o
 .debug_info    0x000005e5      0x209 ./keyboard.o
 .debug_info    0x000007ee      0x6e5 ./lcd.o
 .debug_info    0x00000ed3      0x17e ./led.o
 .debug_info    0x00001051      0x27a ./main.o
 .debug_info    0x000012cb      0x368 ./uart.o
 .debug_info    0x00001633      0x191 ./visualizacion.o
 .debug_info    0x000017c4       0xa0 c:/users/paloma/eclipsearm/sourcery-g++-lite-arm-2011.03/bin/../lib/gcc/arm-none-eabi/4.5.2/../../../../arm-none-eabi/lib\libnosys.a(sbrk.o)

.debug_line     0x00000000     0x2205
 *(.debug_line)
 .debug_line    0x00000000      0x118 ./commonUart/44binit.o
 .debug_line    0x00000118      0x3a7 ./commonUart/44blib.o
 .debug_line    0x000004bf       0x87 ./8led.o
 .debug_line    0x00000546      0x386 ./button.o
 .debug_line    0x000008cc      0x3f9 ./gameLogic.o
 .debug_line    0x00000cc5      0x404 ./keyboard.o
 .debug_line    0x000010c9      0x4ac ./lcd.o
 .debug_line    0x00001575       0xaa ./led.o
 .debug_line    0x0000161f      0x3b5 ./main.o
 .debug_line    0x000019d4      0x430 ./uart.o
 .debug_line    0x00001e04      0x39e ./visualizacion.o
 .debug_line    0x000021a2       0x63 c:/users/paloma/eclipsearm/sourcery-g++-lite-arm-2011.03/bin/../lib/gcc/arm-none-eabi/4.5.2/../../../../arm-none-eabi/lib\libnosys.a(sbrk.o)

.debug_abbrev   0x00000000      0x981
 *(.debug_abbrev)
 .debug_abbrev  0x00000000       0x14 ./commonUart/44binit.o
 .debug_abbrev  0x00000014      0x11f ./commonUart/44blib.o
 .debug_abbrev  0x00000133       0x9b ./8led.o
 .debug_abbrev  0x000001ce       0x76 ./button.o
 .debug_abbrev  0x00000244       0xb1 ./gameLogic.o
 .debug_abbrev  0x000002f5      0x127 ./keyboard.o
 .debug_abbrev  0x0000041c      0x151 ./lcd.o
 .debug_abbrev  0x0000056d       0x8b ./led.o
 .debug_abbrev  0x000005f8      0x106 ./main.o
 .debug_abbrev  0x000006fe      0x147 ./uart.o
 .debug_abbrev  0x00000845       0xb9 ./visualizacion.o
 .debug_abbrev  0x000008fe       0x83 c:/users/paloma/eclipsearm/sourcery-g++-lite-arm-2011.03/bin/../lib/gcc/arm-none-eabi/4.5.2/../../../../arm-none-eabi/lib\libnosys.a(sbrk.o)

.debug_frame    0x00000000     0x1054
 *(.debug_frame)
 .debug_frame   0x00000000       0xd0 ./commonUart/44blib.o
 .debug_frame   0x000000d0       0x50 ./8led.o
 .debug_frame   0x00000120       0x5c ./button.o
 .debug_frame   0x0000017c       0x50 ./gameLogic.o
 .debug_frame   0x000001cc       0x7c ./keyboard.o
 .debug_frame   0x00000248      0x1d8 ./lcd.o
 .debug_frame   0x00000420      0x150 ./led.o
 .debug_frame   0x00000570       0x30 ./main.o
 .debug_frame   0x000005a0      0x1d0 ./uart.o
 .debug_frame   0x00000770       0xd4 ./visualizacion.o
 .debug_frame   0x00000844       0x44 c:/users/paloma/eclipsearm/sourcery-g++-lite-arm-2011.03/bin/../lib/gcc/arm-none-eabi/4.5.2/../../../../arm-none-eabi/lib\libc.a(lib_a-vsprintf.o)
 .debug_frame   0x00000888       0x3c c:/users/paloma/eclipsearm/sourcery-g++-lite-arm-2011.03/bin/../lib/gcc/arm-none-eabi/4.5.2/../../../../arm-none-eabi/lib\libc.a(lib_a-svfprintf.o)
 .debug_frame   0x000008c4       0x64 c:/users/paloma/eclipsearm/sourcery-g++-lite-arm-2011.03/bin/../lib/gcc/arm-none-eabi/4.5.2/../../../../arm-none-eabi/lib\libc.a(lib_a-dtoa.o)
 .debug_frame   0x00000928       0x98 c:/users/paloma/eclipsearm/sourcery-g++-lite-arm-2011.03/bin/../lib/gcc/arm-none-eabi/4.5.2/../../../../arm-none-eabi/lib\libc.a(lib_a-locale.o)
 .debug_frame   0x000009c0       0x3c c:/users/paloma/eclipsearm/sourcery-g++-lite-arm-2011.03/bin/../lib/gcc/arm-none-eabi/4.5.2/../../../../arm-none-eabi/lib\libc.a(lib_a-mallocr.o)
 .debug_frame   0x000009fc       0x2c c:/users/paloma/eclipsearm/sourcery-g++-lite-arm-2011.03/bin/../lib/gcc/arm-none-eabi/4.5.2/../../../../arm-none-eabi/lib\libc.a(lib_a-memchr.o)
 .debug_frame   0x00000a28       0x30 c:/users/paloma/eclipsearm/sourcery-g++-lite-arm-2011.03/bin/../lib/gcc/arm-none-eabi/4.5.2/../../../../arm-none-eabi/lib\libc.a(lib_a-memcpy.o)
 .debug_frame   0x00000a58       0x30 c:/users/paloma/eclipsearm/sourcery-g++-lite-arm-2011.03/bin/../lib/gcc/arm-none-eabi/4.5.2/../../../../arm-none-eabi/lib\libc.a(lib_a-mlock.o)
 .debug_frame   0x00000a88      0x228 c:/users/paloma/eclipsearm/sourcery-g++-lite-arm-2011.03/bin/../lib/gcc/arm-none-eabi/4.5.2/../../../../arm-none-eabi/lib\libc.a(lib_a-mprec.o)
 .debug_frame   0x00000cb0       0x28 c:/users/paloma/eclipsearm/sourcery-g++-lite-arm-2011.03/bin/../lib/gcc/arm-none-eabi/4.5.2/../../../../arm-none-eabi/lib\libc.a(lib_a-s_fpclassify.o)
 .debug_frame   0x00000cd8       0x2c c:/users/paloma/eclipsearm/sourcery-g++-lite-arm-2011.03/bin/../lib/gcc/arm-none-eabi/4.5.2/../../../../arm-none-eabi/lib\libc.a(lib_a-sbrkr.o)
 .debug_frame   0x00000d04       0x30 c:/users/paloma/eclipsearm/sourcery-g++-lite-arm-2011.03/bin/../lib/gcc/arm-none-eabi/4.5.2/../../../../arm-none-eabi/lib\libc.a(lib_a-strcmp.o)
 .debug_frame   0x00000d34       0x20 c:/users/paloma/eclipsearm/sourcery-g++-lite-arm-2011.03/bin/../lib/gcc/arm-none-eabi/4.5.2/../../../../arm-none-eabi/lib\libc.a(lib_a-strlen.o)
 .debug_frame   0x00000d54       0x68 c:/users/paloma/eclipsearm/sourcery-g++-lite-arm-2011.03/bin/../lib/gcc/arm-none-eabi/4.5.2/../../../../arm-none-eabi/lib\libc.a(lib_a-svfiprintf.o)
 .debug_frame   0x00000dbc       0x28 c:/users/paloma/eclipsearm/sourcery-g++-lite-arm-2011.03/bin/../lib/gcc/arm-none-eabi/4.5.2/../../../../arm-none-eabi/lib\libc.a(lib_a-callocr.o)
 .debug_frame   0x00000de4       0x50 c:/users/paloma/eclipsearm/sourcery-g++-lite-arm-2011.03/bin/../lib/gcc/arm-none-eabi/4.5.2/../../../../arm-none-eabi/lib\libc.a(lib_a-freer.o)
 .debug_frame   0x00000e34       0x2c c:/users/paloma/eclipsearm/sourcery-g++-lite-arm-2011.03/bin/../lib/gcc/arm-none-eabi/4.5.2/../../../../arm-none-eabi/lib\libc.a(lib_a-memmove.o)
 .debug_frame   0x00000e60       0x28 c:/users/paloma/eclipsearm/sourcery-g++-lite-arm-2011.03/bin/../lib/gcc/arm-none-eabi/4.5.2/../../../../arm-none-eabi/lib\libc.a(lib_a-memset.o)
 .debug_frame   0x00000e88       0x3c c:/users/paloma/eclipsearm/sourcery-g++-lite-arm-2011.03/bin/../lib/gcc/arm-none-eabi/4.5.2/../../../../arm-none-eabi/lib\libc.a(lib_a-reallocr.o)
 .debug_frame   0x00000ec4       0x68 c:/users/paloma/eclipsearm/sourcery-g++-lite-arm-2011.03/bin/../lib/gcc/arm-none-eabi/4.5.2/../../../../arm-none-eabi/lib\libc.a(lib_a-reent.o)
 .debug_frame   0x00000f2c       0x20 c:/users/paloma/eclipsearm/sourcery-g++-lite-arm-2011.03/bin/../lib/gcc/arm-none-eabi/4.5.2\libgcc.a(_udivsi3.o)
 .debug_frame   0x00000f4c       0x20 c:/users/paloma/eclipsearm/sourcery-g++-lite-arm-2011.03/bin/../lib/gcc/arm-none-eabi/4.5.2\libgcc.a(_divsi3.o)
 .debug_frame   0x00000f6c       0x50 c:/users/paloma/eclipsearm/sourcery-g++-lite-arm-2011.03/bin/../lib/gcc/arm-none-eabi/4.5.2\libgcc.a(bpabi.o)
 .debug_frame   0x00000fbc       0x3c c:/users/paloma/eclipsearm/sourcery-g++-lite-arm-2011.03/bin/../lib/gcc/arm-none-eabi/4.5.2\libgcc.a(_divdi3.o)
 .debug_frame   0x00000ff8       0x3c c:/users/paloma/eclipsearm/sourcery-g++-lite-arm-2011.03/bin/../lib/gcc/arm-none-eabi/4.5.2\libgcc.a(_udivdi3.o)
 .debug_frame   0x00001034       0x20 c:/users/paloma/eclipsearm/sourcery-g++-lite-arm-2011.03/bin/../lib/gcc/arm-none-eabi/4.5.2/../../../../arm-none-eabi/lib\libnosys.a(sbrk.o)
START GROUP
LOAD c:/users/paloma/eclipsearm/sourcery-g++-lite-arm-2011.03/bin/../lib/gcc/arm-none-eabi/4.5.2\libgcc.a
LOAD c:/users/paloma/eclipsearm/sourcery-g++-lite-arm-2011.03/bin/../lib/gcc/arm-none-eabi/4.5.2/../../../../arm-none-eabi/lib\libg.a
LOAD c:/users/paloma/eclipsearm/sourcery-g++-lite-arm-2011.03/bin/../lib/gcc/arm-none-eabi/4.5.2/../../../../arm-none-eabi/lib\libc.a
LOAD c:/users/paloma/eclipsearm/sourcery-g++-lite-arm-2011.03/bin/../lib/gcc/arm-none-eabi/4.5.2/../../../../arm-none-eabi/lib\libm.a
LOAD c:/users/paloma/eclipsearm/sourcery-g++-lite-arm-2011.03/bin/../lib/gcc/arm-none-eabi/4.5.2/../../../../arm-none-eabi/lib\libnosys.a
END GROUP
OUTPUT(proyecto.elf elf32-littlearm)

.debug_aranges  0x00000000      0x180
 .debug_aranges
                0x00000000       0x20 ./commonUart/44binit.o
 .debug_aranges
                0x00000020       0x20 ./commonUart/44blib.o
 .debug_aranges
                0x00000040       0x20 ./8led.o
 .debug_aranges
                0x00000060       0x20 ./button.o
 .debug_aranges
                0x00000080       0x20 ./gameLogic.o
 .debug_aranges
                0x000000a0       0x20 ./keyboard.o
 .debug_aranges
                0x000000c0       0x20 ./lcd.o
 .debug_aranges
                0x000000e0       0x20 ./led.o
 .debug_aranges
                0x00000100       0x20 ./main.o
 .debug_aranges
                0x00000120       0x20 ./uart.o
 .debug_aranges
                0x00000140       0x20 ./visualizacion.o
 .debug_aranges
                0x00000160       0x20 c:/users/paloma/eclipsearm/sourcery-g++-lite-arm-2011.03/bin/../lib/gcc/arm-none-eabi/4.5.2/../../../../arm-none-eabi/lib\libnosys.a(sbrk.o)

.debug_macinfo  0x00000000    0x45115
 .debug_macinfo
                0x00000000     0x82fb ./commonUart/44blib.o
 .debug_macinfo
                0x000082fb     0x5567 ./8led.o
 .debug_macinfo
                0x0000d862     0x7089 ./button.o
 .debug_macinfo
                0x000148eb     0x6f01 ./gameLogic.o
 .debug_macinfo
                0x0001b7ec     0x71f1 ./keyboard.o
 .debug_macinfo
                0x000229dd     0x7b71 ./lcd.o
 .debug_macinfo
                0x0002a54e     0x4f43 ./led.o
 .debug_macinfo
                0x0002f491     0x7075 ./main.o
 .debug_macinfo
                0x00036506     0x7d6e ./uart.o
 .debug_macinfo
                0x0003e274     0x6ea1 ./visualizacion.o

.debug_loc      0x00000000      0xa45
 .debug_loc     0x00000000      0x108 ./commonUart/44blib.o
 .debug_loc     0x00000108       0x58 ./8led.o
 .debug_loc     0x00000160       0x58 ./button.o
 .debug_loc     0x000001b8       0x58 ./gameLogic.o
 .debug_loc     0x00000210       0x84 ./keyboard.o
 .debug_loc     0x00000294      0x268 ./lcd.o
 .debug_loc     0x000004fc      0x1b8 ./led.o
 .debug_loc     0x000006b4       0x2c ./main.o
 .debug_loc     0x000006e0      0x23c ./uart.o
 .debug_loc     0x0000091c      0x108 ./visualizacion.o
 .debug_loc     0x00000a24       0x21 c:/users/paloma/eclipsearm/sourcery-g++-lite-arm-2011.03/bin/../lib/gcc/arm-none-eabi/4.5.2/../../../../arm-none-eabi/lib\libnosys.a(sbrk.o)

.debug_pubnames
                0x00000000      0x596
 .debug_pubnames
                0x00000000       0x90 ./commonUart/44blib.o
 .debug_pubnames
                0x00000090       0x3d ./8led.o
 .debug_pubnames
                0x000000cd       0x43 ./button.o
 .debug_pubnames
                0x00000110       0x40 ./gameLogic.o
 .debug_pubnames
                0x00000150       0x5b ./keyboard.o
 .debug_pubnames
                0x000001ab      0x10e ./lcd.o
 .debug_pubnames
                0x000002b9       0xc8 ./led.o
 .debug_pubnames
                0x00000381       0x5e ./main.o
 .debug_pubnames
                0x000003df      0x14f ./uart.o
 .debug_pubnames
                0x0000052e       0x68 ./visualizacion.o

.debug_pubtypes
                0x00000000      0x114
 .debug_pubtypes
                0x00000000       0x12 ./commonUart/44blib.o
 .debug_pubtypes
                0x00000012       0x12 ./button.o
 .debug_pubtypes
                0x00000024       0x12 ./gameLogic.o
 .debug_pubtypes
                0x00000036       0x12 ./keyboard.o
 .debug_pubtypes
                0x00000048       0x69 ./lcd.o
 .debug_pubtypes
                0x000000b1       0x12 ./main.o
 .debug_pubtypes
                0x000000c3       0x3f ./uart.o
 .debug_pubtypes
                0x00000102       0x12 ./visualizacion.o

.debug_str      0x00000000      0x64f
 .debug_str     0x00000000      0x120 ./commonUart/44blib.o
                                0x15e (size before relaxing)
 .debug_str     0x00000120       0x2f ./8led.o
                                 0x6b (size before relaxing)
 .debug_str     0x0000014f       0x39 ./button.o
                                 0xf1 (size before relaxing)
 .debug_str     0x00000188       0x64 ./gameLogic.o
                                0x11c (size before relaxing)
 .debug_str     0x000001ec       0x57 ./keyboard.o
                                0x122 (size before relaxing)
 .debug_str     0x00000243      0x13b ./lcd.o
                                0x20b (size before relaxing)
 .debug_str     0x0000037e       0x95 ./led.o
                                 0xc4 (size before relaxing)
 .debug_str     0x00000413       0x4a ./main.o
                                0x155 (size before relaxing)
 .debug_str     0x0000045d      0x116 ./uart.o
                                0x1fa (size before relaxing)
 .debug_str     0x00000573       0x3e ./visualizacion.o
                                0x126 (size before relaxing)
 .debug_str     0x000005b1       0x9e c:/users/paloma/eclipsearm/sourcery-g++-lite-arm-2011.03/bin/../lib/gcc/arm-none-eabi/4.5.2/../../../../arm-none-eabi/lib\libnosys.a(sbrk.o)
                                 0xac (size before relaxing)
